---
source: inline/tests/parser/mod.rs
info: "Test 'escaped-bold' from 'markup\\bold.yml'"
---
EscapedPlain @ (1:1)->(1:3) (
    *
)
EscapedPlain @ (1:3)->(1:5) (
    *
)
Plain @ (1:5)->(1:13) (
    not bold
    ^^^^^^^^
)
EscapedPlain @ (1:13)->(1:15) (
    *
)
EscapedPlain @ (1:15)->(1:17) (
    *
)

---
With input:

\*\*not bold\*\*


