---
source: inline/tests/lexer/mod.rs
info: "Test 'simple-plain' from 'markup/plain.yml'"
---
Simple text.
Simple
^^^^^^ -> Plain @ (1:1)->(1:7)
       
      ^ -> Whitespace @ (1:7)->(1:8)
       text.
       ^^^^^ -> Plain @ (1:8)->(1:13)
            ⏎
            ^ -> Newline @ (1:13)->(2:1)

---
With input:

Simple text.


