---
source: inline/tests/lexer/mod.rs
info: "Test 'not-verbatim' from 'verbatim.yml'"
---
` not verbatim `
`
^ -> Plain @ (1:1)->(1:2)
  not verbatim 
 ^^^^^^^^^^^^^^ -> Plain @ (1:2)->(1:16)
               `
               ^ -> Plain @ (1:16)->(1:17)
                ⏎
                ^ -> Newline @ (1:17)->(2:1)

---
With input:

` not verbatim `


