---
source: inline/tests/lexer/mod.rs
info: "Test 'not-closed-verbatim' from 'markup/verbatim.yml'"
---
`not verbatim `
`
^ -> Plain @ (1:1)->(1:2)
 not
 ^^^ -> Plain @ (1:2)->(1:5)
     
    ^ -> Whitespace @ (1:5)->(1:6)
     verbatim
     ^^^^^^^^ -> Plain @ (1:6)->(1:14)
              
             ^ -> Whitespace @ (1:14)->(1:15)
              `
              ^ -> Plain @ (1:15)->(1:16)
               ⏎
               ^ -> Newline @ (1:16)->(2:1)

---
With input:

`not verbatim `


