---
source: core/tests/runner/mod.rs
description: "Parse bullet list with different keywords\n"
info: "Test 'different-list-keywords' from: markup\\blocks\\bullet-list.yml"
---
BulletList(
BulletListEntry(
star list entry

BulletList(
BulletListEntry(
nested minus list entry
)
)
)
BulletListEntry(
plus list entry

BulletList(
BulletListEntry(
nested star list entry
)
)
)
)
---
With input:

* star list entry
  - nested minus list entry
+ plus list entry
  * nested star list entry


