---
source: core/tests/runner/mod.rs
description: "Parse bullet list with paragraph in entry body\n"
info: "Test 'list-entry-with-body' from: markup\\blocks\\bullet-list.yml"
---
BulletList(
BulletListEntry(
single list entry

Paragraph(Entry has body.)
)
)
---
With input:

- single list entry

  Entry has body.


